// Jest Snapshot v1, https://goo.gl/fbAQLP

exports[`<SquareDiamond /> should match with snapshot 1`] = `
.c0 {
  width: 10px;
  height: 10px;
  background: #fff;
  -webkit-transform: rotate(45deg);
  -ms-transform: rotate(45deg);
  transform: rotate(45deg);
}

<div
  className="c0"
  color="#fff"
  size={10}
/>
`;
