// Jest Snapshot v1, https://goo.gl/fbAQLP

exports[`<Template /> should match with snapshot 1`] = `
Array [
  .c0 {
  padding: 40px;
  background: #7c4373;
  border-radius: 5px 5px 0 0;
  text-align: center;
  color: #fff;
}

.c1 {
  margin: 0 0 10px 0;
  padding: 0;
  color: #fff;
  -webkit-letter-spacing: normal;
  -moz-letter-spacing: normal;
  -ms-letter-spacing: normal;
  letter-spacing: normal;
}

.c2 {
  margin: 0 0 10px 0;
  padding: 0;
  color: #fff;
  -webkit-letter-spacing: normal;
  -moz-letter-spacing: normal;
  -ms-letter-spacing: normal;
  letter-spacing: normal;
}

<header
    className="c0"
  >
    <h1
      className="c1"
    >
      Mahesh Konne
    </h1>
    <h4
      className="c2"
    >
      UI Developer
    </h4>
  </header>,
  .c3 {
  margin: 0;
  color: #000;
  -webkit-letter-spacing: normal;
  -moz-letter-spacing: normal;
  -ms-letter-spacing: normal;
  letter-spacing: normal;
}

.c0 {
  border: 2px solid #eee9ee;
}

.c4 {
  background-color: #eee9ee;
}

.c1 {
  padding: 30px 50px;
}

.c6 {
  display: -webkit-box;
  display: -webkit-flex;
  display: -ms-flexbox;
  display: flex;
  padding-top: 10px;
  margin-bottom: 30px;
}

.c7 {
  min-width: 300px;
  margin-right: 30px;
}

.c2 {
  margin: 0 0 10px 0;
  padding: 0;
  color: #7c4373;
  -webkit-letter-spacing: 3px;
  -moz-letter-spacing: 3px;
  -ms-letter-spacing: 3px;
  letter-spacing: 3px;
}

.c5 {
  margin: 0 0 10px 0;
  padding: 0;
  color: #7c4373;
  -webkit-letter-spacing: 3px;
  -moz-letter-spacing: 3px;
  -ms-letter-spacing: 3px;
  letter-spacing: 3px;
}

.c8 {
  margin: 0 0 10px 0;
  padding: 0;
  color: #7c4373;
  -webkit-letter-spacing: 3px;
  -moz-letter-spacing: 3px;
  -ms-letter-spacing: 3px;
  letter-spacing: 3px;
}

.c9 {
  margin: 0 0 10px 0;
  padding: 0;
  color: #7c4373;
  -webkit-letter-spacing: 3px;
  -moz-letter-spacing: 3px;
  -ms-letter-spacing: 3px;
  letter-spacing: 3px;
}

<section
    className="c0"
  >
    <section
      className="c1"
    >
      <h2
        className="c2"
      >
        PROFILE
      </h2>
      <p
        className="c3"
        color="#000"
        letterSpacing="normal"
      >
        Lorem ipsum dolor sit amet, consectetur adipiscing elit, sed do eiusmod tempor incididunt ut labore et dolore magna aliqua. Ut enim ad minim veniam, quis nostrud exercitation ullamco laboris nisi ut aliquip ex ea commodo consequat. Duis aute irure dolor in reprehenderit in voluptate velit esse cillum dolore eu fugiat nulla pariatur. Excepteur sint occaecat cupidatat non proident, sunt in culpa qui officia deserunt mollit anim id est laborum
      </p>
    </section>
    <section
      className="c4"
    >
      <section
        className="c1"
      >
        <h2
          className="c5"
        >
          PROFESSIONAL EXPERIENCE
        </h2>
        <div
          className="c6"
        >
          <div
            className="c7"
          >
            <p
              className="c3"
              color="#000"
              letterSpacing="normal"
            >
              UI Developer
            </p>
            <p
              className="c3"
              color="#000"
              letterSpacing="normal"
            >
              ThoughtWorks
            </p>
            <p
              className="c3"
              color="#000"
              letterSpacing="normal"
            >
              2018 - Present
            </p>
          </div>
          <p
            className="c3"
            color="#000"
            letterSpacing="normal"
          >
            Lorem ipsum dolor sit amet, consectetur adipiscing elit, sed do eiusmod tempor incididunt ut labore et dolore magna aliqua. Ut enim ad minim veniam, quis nostrud exercitation ullamco laboris nisi ut aliquip ex ea commodo consequat. Duis aute irure dolor in reprehenderit in voluptate velit esse cillum dolore eu fugiat nulla pariatur. Excepteur sint occaecat cupidatat non proident, sunt in culpa qui officia deserunt mollit anim id est laborum
          </p>
        </div>
        <div
          className="c6"
        >
          <div
            className="c7"
          >
            <p
              className="c3"
              color="#000"
              letterSpacing="normal"
            >
              MEAN Stack Developer
            </p>
            <p
              className="c3"
              color="#000"
              letterSpacing="normal"
            >
              UNO Career
            </p>
            <p
              className="c3"
              color="#000"
              letterSpacing="normal"
            >
              2017 - 2018
            </p>
          </div>
          <p
            className="c3"
            color="#000"
            letterSpacing="normal"
          >
            Lorem ipsum dolor sit amet, consectetur adipiscing elit, sed do eiusmod tempor incididunt ut labore et dolore magna aliqua. Ut enim ad minim veniam, quis nostrud exercitation ullamco laboris nisi ut aliquip ex ea commodo consequat. Duis aute irure dolor in reprehenderit in voluptate velit esse cillum dolore eu fugiat nulla pariatur. Excepteur sint occaecat cupidatat non proident, sunt in culpa qui officia deserunt mollit anim id est laborum
          </p>
        </div>
        <div
          className="c6"
        >
          <div
            className="c7"
          >
            <p
              className="c3"
              color="#000"
              letterSpacing="normal"
            >
              UX Engineer
            </p>
            <p
              className="c3"
              color="#000"
              letterSpacing="normal"
            >
              Divami Design Labs
            </p>
            <p
              className="c3"
              color="#000"
              letterSpacing="normal"
            >
              2015 - 2017
            </p>
          </div>
          <p
            className="c3"
            color="#000"
            letterSpacing="normal"
          >
            Lorem ipsum dolor sit amet, consectetur adipiscing elit, sed do eiusmod tempor incididunt ut labore et dolore magna aliqua. Ut enim ad minim veniam, quis nostrud exercitation ullamco laboris nisi ut aliquip ex ea commodo consequat. Duis aute irure dolor in reprehenderit in voluptate velit esse cillum dolore eu fugiat nulla pariatur. Excepteur sint occaecat cupidatat non proident, sunt in culpa qui officia deserunt mollit anim id est laborum
          </p>
        </div>
      </section>
    </section>
    <section
      className="c1"
    >
      <h2
        className="c8"
      >
        EDUCATION
      </h2>
      <div
        className="c7"
      >
        <p
          className="c3"
          color="#000"
          letterSpacing="normal"
        >
          Computer Science Engineering
        </p>
        <p
          className="c3"
          color="#000"
          letterSpacing="normal"
        >
          IIIT Basar
        </p>
        <p
          className="c3"
          color="#000"
          letterSpacing="normal"
        />
        <p
          className="c3"
          color="#000"
          letterSpacing="normal"
        >
          CGPA: 8.2
        </p>
      </div>
    </section>
    <section
      className="c1"
    >
      <h2
        className="c9"
      >
        SKILLS
      </h2>
      <div
        className="MuiChip-root MuiChip-outlined"
        onKeyUp={[Function]}
      >
        <span
          className="MuiChip-label"
        >
          Javascript
        </span>
      </div>
      <div
        className="MuiChip-root MuiChip-outlined"
        onKeyUp={[Function]}
      >
        <span
          className="MuiChip-label"
        >
          React
        </span>
      </div>
      <div
        className="MuiChip-root MuiChip-outlined"
        onKeyUp={[Function]}
      >
        <span
          className="MuiChip-label"
        >
          HTML
        </span>
      </div>
      <div
        className="MuiChip-root MuiChip-outlined"
        onKeyUp={[Function]}
      >
        <span
          className="MuiChip-label"
        >
          CSS
        </span>
      </div>
    </section>
  </section>,
  .c3 {
  width: 10px;
  height: 10px;
  background: #fff;
  -webkit-transform: rotate(45deg);
  -ms-transform: rotate(45deg);
  transform: rotate(45deg);
}

.c0 {
  height: 40px;
  background: #7c4373;
  border-radius: 0 0 5px 5px;
  color: white;
}

.c1 {
  height: 100%;
  display: -webkit-box;
  display: -webkit-flex;
  display: -ms-flexbox;
  display: flex;
  -webkit-box-pack: space-around;
  -webkit-justify-content: space-around;
  -ms-flex-pack: space-around;
  justify-content: space-around;
  -webkit-align-items: center;
  -webkit-box-align: center;
  -ms-flex-align: center;
  align-items: center;
}

.c2 {
  margin: 0 0 10px 0;
  padding: 0;
  color: #fff;
  -webkit-letter-spacing: normal;
  -moz-letter-spacing: normal;
  -ms-letter-spacing: normal;
  letter-spacing: normal;
}

.c4 {
  margin: 0 0 10px 0;
  padding: 0;
  color: #fff;
  -webkit-letter-spacing: normal;
  -moz-letter-spacing: normal;
  -ms-letter-spacing: normal;
  letter-spacing: normal;
}

.c5 {
  margin: 0 0 10px 0;
  padding: 0;
  color: #fff;
  -webkit-letter-spacing: normal;
  -moz-letter-spacing: normal;
  -ms-letter-spacing: normal;
  letter-spacing: normal;
}

<footer
    className="c0"
  >
    <div
      className="c1"
    >
      <h4
        className="c2"
      >
        maheshkonneiiitb@gmail.com
      </h4>
      <div
        className="c3"
        color="#fff"
        size={10}
      />
      <h4
        className="c4"
      >
        http://maheshkonne.me
      </h4>
      <div
        className="c3"
        color="#fff"
        size={10}
      />
      <h4
        className="c5"
      >
        +91 9999999999
      </h4>
    </div>
  </footer>,
]
`;
