// Jest Snapshot v1, https://goo.gl/fbAQLP

exports[`<App /> should match with snapshot 1`] = `
"<Fragment>
  <GlobalStyleComponent />
  <styled.div>
    <Header variant=\\"contained\\" color=\\"primary\\" heading=\\"h1\\">
      <Link to=\\"/templates\\">
        <WithStyles(ForwardRef(Button))>
          Choose a Template
        </WithStyles(ForwardRef(Button))>
      </Link>
    </Header>
  </styled.div>
</Fragment>"
`;
